../Core/Src/main.c:79:5:main	8	static
../Core/Src/main.c:134:6:SystemClock_Config	88	static
../Core/Src/main.c:181:13:MX_USART2_UART_Init	8	static
../Core/Src/main.c:212:13:MX_DMA_Init	16	static
../Core/Src/main.c:233:13:MX_GPIO_Init	48	static
../Core/Src/main.c:267:6:UARTDMAConfig	8	static
../Core/Src/main.c:275:6:HAL_UART_RxCpltCallback	16	static
../Core/Src/main.c:284:6:LEDLoop	8	static
../Core/Src/main.c:294:6:MenuState	8	static
../Core/Src/main.c:434:6:Error_Handler	4	static,ignoring_inline_asm
