../Core/Src/main.c:76:5:main	8	static
../Core/Src/main.c:125:6:SystemClock_Config	88	static
../Core/Src/main.c:172:13:MX_USART2_UART_Init	8	static
../Core/Src/main.c:203:13:MX_DMA_Init	16	static
../Core/Src/main.c:224:13:MX_GPIO_Init	48	static
../Core/Src/main.c:293:6:UARTDMAConfig	8	static
../Core/Src/main.c:300:6:HAL_UART_RxCpltCallback	16	static
../Core/Src/main.c:318:6:LEDLoop	8	static
../Core/Src/main.c:328:6:MenuState	4	static
../Core/Src/main.c:365:6:Error_Handler	4	static,ignoring_inline_asm
